nohup: ignoring input
  ____________       _____________
 ____    |__( )_________  __/__  /________      __
____  /| |_  /__  ___/_  /_ __  /_  __ \_ | /| / /
___  ___ |  / _  /   _  __/ _  / / /_/ /_ |/ |/ /
 _/_/  |_/_/  /_/    /_/    /_/  \____/____/|__/
[2025-12-11T14:59:08.053+0530] {executor_loader.py:258} INFO - Loaded executor: SequentialExecutor
[2025-12-11 14:59:08 +0530] [70985] [INFO] Starting gunicorn 23.0.0
[2025-12-11 14:59:08 +0530] [70985] [INFO] Listening at: http://[::]:8793 (70985)
[2025-12-11 14:59:08 +0530] [70985] [INFO] Using worker: sync
[2025-12-11 14:59:08 +0530] [70986] [INFO] Booting worker with pid: 70986
[2025-12-11 14:59:08 +0530] [70987] [INFO] Booting worker with pid: 70987
[2025-12-11T14:59:08.426+0530] {scheduler_job_runner.py:950} INFO - Starting the scheduler
[2025-12-11T14:59:08.428+0530] {scheduler_job_runner.py:957} INFO - Processing each file at most -1 times
[2025-12-11T14:59:08.478+0530] {manager.py:174} INFO - Launched DagFileProcessorManager with pid: 70988
[2025-12-11T14:59:08.483+0530] {scheduler_job_runner.py:1949} INFO - Adopting or resetting orphaned tasks for active dag runs
[2025-12-11T14:59:08.489+0530] {settings.py:63} INFO - Configured default timezone UTC
[2025-12-11T14:59:08.560+0530] {manager.py:406} WARNING - Because we cannot use more than 1 thread (parsing_processes = 2) when using sqlite. So we set parallelism to 1.
[2025-12-11T15:02:20.117+0530] {dag.py:4180} INFO - Setting next_dagrun for weather_dag to 2025-12-11 00:00:00+00:00, run_after=2025-12-12 00:00:00+00:00
[2025-12-11T15:02:21.030+0530] {scheduler_job_runner.py:435} INFO - 2 tasks up for execution:
	<TaskInstance: weather_dag.create_tables scheduled__2025-12-10T00:00:00+00:00 [scheduled]>
	<TaskInstance: weather_dag.create_tables manual__2025-12-11T09:32:19.350963+00:00 [scheduled]>
[2025-12-11T15:02:21.031+0530] {scheduler_job_runner.py:507} INFO - DAG weather_dag has 0/16 running and queued tasks
[2025-12-11T15:02:21.032+0530] {scheduler_job_runner.py:507} INFO - DAG weather_dag has 1/16 running and queued tasks
[2025-12-11T15:02:21.033+0530] {scheduler_job_runner.py:646} INFO - Setting the following tasks to queued state:
	<TaskInstance: weather_dag.create_tables scheduled__2025-12-10T00:00:00+00:00 [scheduled]>
	<TaskInstance: weather_dag.create_tables manual__2025-12-11T09:32:19.350963+00:00 [scheduled]>
[2025-12-11T15:02:21.270+0530] {scheduler_job_runner.py:748} INFO - Trying to enqueue tasks: [<TaskInstance: weather_dag.create_tables scheduled__2025-12-10T00:00:00+00:00 [scheduled]>, <TaskInstance: weather_dag.create_tables manual__2025-12-11T09:32:19.350963+00:00 [scheduled]>] for executor: SequentialExecutor(parallelism=32)
[2025-12-11T15:02:21.273+0530] {scheduler_job_runner.py:692} INFO - Sending TaskInstanceKey(dag_id='weather_dag', task_id='create_tables', run_id='scheduled__2025-12-10T00:00:00+00:00', try_number=1, map_index=-1) to SequentialExecutor with priority 4 and queue default
[2025-12-11T15:02:21.275+0530] {base_executor.py:169} INFO - Adding to queue: ['airflow', 'tasks', 'run', 'weather_dag', 'create_tables', 'scheduled__2025-12-10T00:00:00+00:00', '--local', '--subdir', 'DAGS_FOLDER/weather_dag.py']
[2025-12-11T15:02:21.277+0530] {scheduler_job_runner.py:692} INFO - Sending TaskInstanceKey(dag_id='weather_dag', task_id='create_tables', run_id='manual__2025-12-11T09:32:19.350963+00:00', try_number=1, map_index=-1) to SequentialExecutor with priority 4 and queue default
[2025-12-11T15:02:21.279+0530] {base_executor.py:169} INFO - Adding to queue: ['airflow', 'tasks', 'run', 'weather_dag', 'create_tables', 'manual__2025-12-11T09:32:19.350963+00:00', '--local', '--subdir', 'DAGS_FOLDER/weather_dag.py']
[2025-12-11T15:02:23.109+0530] {sequential_executor.py:84} INFO - Executing command: ['airflow', 'tasks', 'run', 'weather_dag', 'create_tables', 'scheduled__2025-12-10T00:00:00+00:00', '--local', '--subdir', 'DAGS_FOLDER/weather_dag.py']
[2025-12-11T15:02:25.759+0530] {dagbag.py:588} INFO - Filling up the DagBag from /home/cooldude/Desktop/08_Airflow_Project/airflow/dags/weather_dag.py
[2025-12-11T15:02:26.295+0530] {task_command.py:467} INFO - Running <TaskInstance: weather_dag.create_tables scheduled__2025-12-10T00:00:00+00:00 [queued]> on host Cooldude-Inspiron-99
[2025-12-11T15:02:36.097+0530] {sequential_executor.py:84} INFO - Executing command: ['airflow', 'tasks', 'run', 'weather_dag', 'create_tables', 'manual__2025-12-11T09:32:19.350963+00:00', '--local', '--subdir', 'DAGS_FOLDER/weather_dag.py']
[2025-12-11T15:02:38.492+0530] {dagbag.py:588} INFO - Filling up the DagBag from /home/cooldude/Desktop/08_Airflow_Project/airflow/dags/weather_dag.py
[2025-12-11T15:02:38.770+0530] {task_command.py:467} INFO - Running <TaskInstance: weather_dag.create_tables manual__2025-12-11T09:32:19.350963+00:00 [queued]> on host Cooldude-Inspiron-99
[2025-12-11T15:02:46.470+0530] {scheduler_job_runner.py:776} INFO - Received executor event with state success for task instance TaskInstanceKey(dag_id='weather_dag', task_id='create_tables', run_id='scheduled__2025-12-10T00:00:00+00:00', try_number=1, map_index=-1)
[2025-12-11T15:02:46.471+0530] {scheduler_job_runner.py:776} INFO - Received executor event with state success for task instance TaskInstanceKey(dag_id='weather_dag', task_id='create_tables', run_id='manual__2025-12-11T09:32:19.350963+00:00', try_number=1, map_index=-1)
[2025-12-11T15:02:47.820+0530] {scheduler_job_runner.py:813} INFO - TaskInstance Finished: dag_id=weather_dag, task_id=create_tables, run_id=manual__2025-12-11T09:32:19.350963+00:00, map_index=-1, run_start_date=2025-12-11 09:32:39.296613+00:00, run_end_date=2025-12-11 09:32:43.792063+00:00, run_duration=4.49545, state=success, executor=SequentialExecutor(parallelism=32), executor_state=success, try_number=1, max_tries=1, job_id=11, pool=default_pool, queue=default, priority_weight=4, operator=PythonOperator, queued_dttm=2025-12-11 09:32:21.035906+00:00, queued_by_job_id=9, pid=72378
[2025-12-11T15:02:47.822+0530] {scheduler_job_runner.py:813} INFO - TaskInstance Finished: dag_id=weather_dag, task_id=create_tables, run_id=scheduled__2025-12-10T00:00:00+00:00, map_index=-1, run_start_date=2025-12-11 09:32:28.173401+00:00, run_end_date=2025-12-11 09:32:34.521021+00:00, run_duration=6.34762, state=success, executor=SequentialExecutor(parallelism=32), executor_state=success, try_number=1, max_tries=1, job_id=10, pool=default_pool, queue=default, priority_weight=4, operator=PythonOperator, queued_dttm=2025-12-11 09:32:21.035906+00:00, queued_by_job_id=9, pid=72307
[2025-12-11T15:02:47.964+0530] {job.py:229} INFO - Heartbeat recovered after 32.14 seconds
[2025-12-11T15:02:49.954+0530] {scheduler_job_runner.py:435} INFO - 2 tasks up for execution:
	<TaskInstance: weather_dag.fetch_hourly_weather scheduled__2025-12-10T00:00:00+00:00 [scheduled]>
	<TaskInstance: weather_dag.fetch_hourly_weather manual__2025-12-11T09:32:19.350963+00:00 [scheduled]>
[2025-12-11T15:02:49.955+0530] {scheduler_job_runner.py:507} INFO - DAG weather_dag has 0/16 running and queued tasks
[2025-12-11T15:02:49.957+0530] {scheduler_job_runner.py:507} INFO - DAG weather_dag has 1/16 running and queued tasks
[2025-12-11T15:02:49.958+0530] {scheduler_job_runner.py:646} INFO - Setting the following tasks to queued state:
	<TaskInstance: weather_dag.fetch_hourly_weather scheduled__2025-12-10T00:00:00+00:00 [scheduled]>
	<TaskInstance: weather_dag.fetch_hourly_weather manual__2025-12-11T09:32:19.350963+00:00 [scheduled]>
[2025-12-11T15:02:49.964+0530] {scheduler_job_runner.py:748} INFO - Trying to enqueue tasks: [<TaskInstance: weather_dag.fetch_hourly_weather scheduled__2025-12-10T00:00:00+00:00 [scheduled]>, <TaskInstance: weather_dag.fetch_hourly_weather manual__2025-12-11T09:32:19.350963+00:00 [scheduled]>] for executor: SequentialExecutor(parallelism=32)
[2025-12-11T15:02:49.966+0530] {scheduler_job_runner.py:692} INFO - Sending TaskInstanceKey(dag_id='weather_dag', task_id='fetch_hourly_weather', run_id='scheduled__2025-12-10T00:00:00+00:00', try_number=1, map_index=-1) to SequentialExecutor with priority 3 and queue default
[2025-12-11T15:02:49.967+0530] {base_executor.py:169} INFO - Adding to queue: ['airflow', 'tasks', 'run', 'weather_dag', 'fetch_hourly_weather', 'scheduled__2025-12-10T00:00:00+00:00', '--local', '--subdir', 'DAGS_FOLDER/weather_dag.py']
[2025-12-11T15:02:49.969+0530] {scheduler_job_runner.py:692} INFO - Sending TaskInstanceKey(dag_id='weather_dag', task_id='fetch_hourly_weather', run_id='manual__2025-12-11T09:32:19.350963+00:00', try_number=1, map_index=-1) to SequentialExecutor with priority 3 and queue default
[2025-12-11T15:02:49.970+0530] {base_executor.py:169} INFO - Adding to queue: ['airflow', 'tasks', 'run', 'weather_dag', 'fetch_hourly_weather', 'manual__2025-12-11T09:32:19.350963+00:00', '--local', '--subdir', 'DAGS_FOLDER/weather_dag.py']
[2025-12-11T15:02:50.210+0530] {sequential_executor.py:84} INFO - Executing command: ['airflow', 'tasks', 'run', 'weather_dag', 'fetch_hourly_weather', 'scheduled__2025-12-10T00:00:00+00:00', '--local', '--subdir', 'DAGS_FOLDER/weather_dag.py']
[2025-12-11T15:02:52.937+0530] {dagbag.py:588} INFO - Filling up the DagBag from /home/cooldude/Desktop/08_Airflow_Project/airflow/dags/weather_dag.py
[2025-12-11T15:02:53.217+0530] {task_command.py:467} INFO - Running <TaskInstance: weather_dag.fetch_hourly_weather scheduled__2025-12-10T00:00:00+00:00 [queued]> on host Cooldude-Inspiron-99
[2025-12-11T15:03:05.161+0530] {sequential_executor.py:84} INFO - Executing command: ['airflow', 'tasks', 'run', 'weather_dag', 'fetch_hourly_weather', 'manual__2025-12-11T09:32:19.350963+00:00', '--local', '--subdir', 'DAGS_FOLDER/weather_dag.py']
[2025-12-11T15:03:07.216+0530] {dagbag.py:588} INFO - Filling up the DagBag from /home/cooldude/Desktop/08_Airflow_Project/airflow/dags/weather_dag.py
[2025-12-11T15:03:07.461+0530] {task_command.py:467} INFO - Running <TaskInstance: weather_dag.fetch_hourly_weather manual__2025-12-11T09:32:19.350963+00:00 [queued]> on host Cooldude-Inspiron-99
[2025-12-11T15:03:14.506+0530] {scheduler_job_runner.py:776} INFO - Received executor event with state success for task instance TaskInstanceKey(dag_id='weather_dag', task_id='fetch_hourly_weather', run_id='scheduled__2025-12-10T00:00:00+00:00', try_number=1, map_index=-1)
[2025-12-11T15:03:14.507+0530] {scheduler_job_runner.py:776} INFO - Received executor event with state success for task instance TaskInstanceKey(dag_id='weather_dag', task_id='fetch_hourly_weather', run_id='manual__2025-12-11T09:32:19.350963+00:00', try_number=1, map_index=-1)
[2025-12-11T15:03:14.514+0530] {scheduler_job_runner.py:813} INFO - TaskInstance Finished: dag_id=weather_dag, task_id=fetch_hourly_weather, run_id=manual__2025-12-11T09:32:19.350963+00:00, map_index=-1, run_start_date=2025-12-11 09:33:08.801172+00:00, run_end_date=2025-12-11 09:33:13.290171+00:00, run_duration=4.488999, state=up_for_retry, executor=SequentialExecutor(parallelism=32), executor_state=success, try_number=1, max_tries=1, job_id=13, pool=default_pool, queue=default, priority_weight=3, operator=PythonOperator, queued_dttm=2025-12-11 09:32:49.960667+00:00, queued_by_job_id=9, pid=72553
[2025-12-11T15:03:14.516+0530] {scheduler_job_runner.py:813} INFO - TaskInstance Finished: dag_id=weather_dag, task_id=fetch_hourly_weather, run_id=scheduled__2025-12-10T00:00:00+00:00, map_index=-1, run_start_date=2025-12-11 09:32:58.551772+00:00, run_end_date=2025-12-11 09:33:03.746561+00:00, run_duration=5.194789, state=up_for_retry, executor=SequentialExecutor(parallelism=32), executor_state=success, try_number=1, max_tries=1, job_id=12, pool=default_pool, queue=default, priority_weight=3, operator=PythonOperator, queued_dttm=2025-12-11 09:32:49.960667+00:00, queued_by_job_id=9, pid=72483
[2025-12-11T15:04:08.660+0530] {scheduler_job_runner.py:1949} INFO - Adopting or resetting orphaned tasks for active dag runs
[2025-12-11T15:08:07.370+0530] {scheduler_job_runner.py:435} INFO - 1 tasks up for execution:
	<TaskInstance: weather_dag.fetch_hourly_weather scheduled__2025-12-10T00:00:00+00:00 [scheduled]>
[2025-12-11T15:08:07.372+0530] {scheduler_job_runner.py:507} INFO - DAG weather_dag has 0/16 running and queued tasks
[2025-12-11T15:08:07.373+0530] {scheduler_job_runner.py:646} INFO - Setting the following tasks to queued state:
	<TaskInstance: weather_dag.fetch_hourly_weather scheduled__2025-12-10T00:00:00+00:00 [scheduled]>
[2025-12-11T15:08:07.383+0530] {scheduler_job_runner.py:748} INFO - Trying to enqueue tasks: [<TaskInstance: weather_dag.fetch_hourly_weather scheduled__2025-12-10T00:00:00+00:00 [scheduled]>] for executor: SequentialExecutor(parallelism=32)
[2025-12-11T15:08:07.386+0530] {scheduler_job_runner.py:692} INFO - Sending TaskInstanceKey(dag_id='weather_dag', task_id='fetch_hourly_weather', run_id='scheduled__2025-12-10T00:00:00+00:00', try_number=2, map_index=-1) to SequentialExecutor with priority 3 and queue default
[2025-12-11T15:08:07.387+0530] {base_executor.py:169} INFO - Adding to queue: ['airflow', 'tasks', 'run', 'weather_dag', 'fetch_hourly_weather', 'scheduled__2025-12-10T00:00:00+00:00', '--local', '--subdir', 'DAGS_FOLDER/weather_dag.py']
[2025-12-11T15:08:08.830+0530] {sequential_executor.py:84} INFO - Executing command: ['airflow', 'tasks', 'run', 'weather_dag', 'fetch_hourly_weather', 'scheduled__2025-12-10T00:00:00+00:00', '--local', '--subdir', 'DAGS_FOLDER/weather_dag.py']
[2025-12-11T15:08:12.837+0530] {dagbag.py:588} INFO - Filling up the DagBag from /home/cooldude/Desktop/08_Airflow_Project/airflow/dags/weather_dag.py
[2025-12-11T15:08:13.322+0530] {task_command.py:467} INFO - Running <TaskInstance: weather_dag.fetch_hourly_weather scheduled__2025-12-10T00:00:00+00:00 [queued]> on host Cooldude-Inspiron-99
[2025-12-11T15:08:24.247+0530] {scheduler_job_runner.py:776} INFO - Received executor event with state success for task instance TaskInstanceKey(dag_id='weather_dag', task_id='fetch_hourly_weather', run_id='scheduled__2025-12-10T00:00:00+00:00', try_number=2, map_index=-1)
[2025-12-11T15:08:24.422+0530] {scheduler_job_runner.py:813} INFO - TaskInstance Finished: dag_id=weather_dag, task_id=fetch_hourly_weather, run_id=scheduled__2025-12-10T00:00:00+00:00, map_index=-1, run_start_date=2025-12-11 09:38:15.143518+00:00, run_end_date=2025-12-11 09:38:19.380532+00:00, run_duration=4.237014, state=failed, executor=SequentialExecutor(parallelism=32), executor_state=success, try_number=2, max_tries=1, job_id=14, pool=default_pool, queue=default, priority_weight=3, operator=PythonOperator, queued_dttm=2025-12-11 09:38:07.377155+00:00, queued_by_job_id=9, pid=74411
[2025-12-11T15:08:27.719+0530] {scheduler_job_runner.py:435} INFO - 1 tasks up for execution:
	<TaskInstance: weather_dag.fetch_hourly_weather manual__2025-12-11T09:32:19.350963+00:00 [scheduled]>
[2025-12-11T15:08:27.721+0530] {scheduler_job_runner.py:507} INFO - DAG weather_dag has 0/16 running and queued tasks
[2025-12-11T15:08:27.723+0530] {scheduler_job_runner.py:646} INFO - Setting the following tasks to queued state:
	<TaskInstance: weather_dag.fetch_hourly_weather manual__2025-12-11T09:32:19.350963+00:00 [scheduled]>
[2025-12-11T15:08:27.730+0530] {scheduler_job_runner.py:748} INFO - Trying to enqueue tasks: [<TaskInstance: weather_dag.fetch_hourly_weather manual__2025-12-11T09:32:19.350963+00:00 [scheduled]>] for executor: SequentialExecutor(parallelism=32)
[2025-12-11T15:08:27.733+0530] {scheduler_job_runner.py:692} INFO - Sending TaskInstanceKey(dag_id='weather_dag', task_id='fetch_hourly_weather', run_id='manual__2025-12-11T09:32:19.350963+00:00', try_number=2, map_index=-1) to SequentialExecutor with priority 3 and queue default
[2025-12-11T15:08:27.734+0530] {base_executor.py:169} INFO - Adding to queue: ['airflow', 'tasks', 'run', 'weather_dag', 'fetch_hourly_weather', 'manual__2025-12-11T09:32:19.350963+00:00', '--local', '--subdir', 'DAGS_FOLDER/weather_dag.py']
[2025-12-11T15:08:27.926+0530] {sequential_executor.py:84} INFO - Executing command: ['airflow', 'tasks', 'run', 'weather_dag', 'fetch_hourly_weather', 'manual__2025-12-11T09:32:19.350963+00:00', '--local', '--subdir', 'DAGS_FOLDER/weather_dag.py']
[2025-12-11T15:08:32.140+0530] {dagbag.py:588} INFO - Filling up the DagBag from /home/cooldude/Desktop/08_Airflow_Project/airflow/dags/weather_dag.py
[2025-12-11T15:08:32.459+0530] {task_command.py:467} INFO - Running <TaskInstance: weather_dag.fetch_hourly_weather manual__2025-12-11T09:32:19.350963+00:00 [queued]> on host Cooldude-Inspiron-99
[2025-12-11T15:08:39.395+0530] {scheduler_job_runner.py:776} INFO - Received executor event with state success for task instance TaskInstanceKey(dag_id='weather_dag', task_id='fetch_hourly_weather', run_id='manual__2025-12-11T09:32:19.350963+00:00', try_number=2, map_index=-1)
[2025-12-11T15:08:40.037+0530] {scheduler_job_runner.py:813} INFO - TaskInstance Finished: dag_id=weather_dag, task_id=fetch_hourly_weather, run_id=manual__2025-12-11T09:32:19.350963+00:00, map_index=-1, run_start_date=2025-12-11 09:38:34.666719+00:00, run_end_date=2025-12-11 09:38:38.017661+00:00, run_duration=3.350942, state=failed, executor=SequentialExecutor(parallelism=32), executor_state=success, try_number=2, max_tries=1, job_id=15, pool=default_pool, queue=default, priority_weight=3, operator=PythonOperator, queued_dttm=2025-12-11 09:38:27.726241+00:00, queued_by_job_id=9, pid=74527
[2025-12-11T15:08:46.599+0530] {dagrun.py:823} ERROR - Marking run <DagRun weather_dag @ 2025-12-10 00:00:00+00:00: scheduled__2025-12-10T00:00:00+00:00, state:running, queued_at: 2025-12-11 09:32:20.078064+00:00. externally triggered: False> failed
[2025-12-11T15:08:46.602+0530] {dagrun.py:905} INFO - DagRun Finished: dag_id=weather_dag, execution_date=2025-12-10 00:00:00+00:00, run_id=scheduled__2025-12-10T00:00:00+00:00, run_start_date=2025-12-11 09:32:20.425668+00:00, run_end_date=2025-12-11 09:38:46.602144+00:00, run_duration=386.176476, state=failed, external_trigger=False, run_type=scheduled, data_interval_start=2025-12-10 00:00:00+00:00, data_interval_end=2025-12-11 00:00:00+00:00, dag_hash=dfb61a5b75c5909c73cce97e4cb50311
[2025-12-11T15:08:46.625+0530] {dag.py:4180} INFO - Setting next_dagrun for weather_dag to 2025-12-11 00:00:00+00:00, run_after=2025-12-12 00:00:00+00:00
[2025-12-11T15:08:53.016+0530] {dagrun.py:823} ERROR - Marking run <DagRun weather_dag @ 2025-12-11 09:32:19.350963+00:00: manual__2025-12-11T09:32:19.350963+00:00, state:running, queued_at: 2025-12-11 09:32:19.490139+00:00. externally triggered: True> failed
[2025-12-11T15:08:53.017+0530] {dagrun.py:905} INFO - DagRun Finished: dag_id=weather_dag, execution_date=2025-12-11 09:32:19.350963+00:00, run_id=manual__2025-12-11T09:32:19.350963+00:00, run_start_date=2025-12-11 09:32:20.427577+00:00, run_end_date=2025-12-11 09:38:53.017265+00:00, run_duration=392.589688, state=failed, external_trigger=True, run_type=manual, data_interval_start=2025-12-10 00:00:00+00:00, data_interval_end=2025-12-11 00:00:00+00:00, dag_hash=dfb61a5b75c5909c73cce97e4cb50311
[2025-12-11T15:09:09.453+0530] {scheduler_job_runner.py:1949} INFO - Adopting or resetting orphaned tasks for active dag runs
[2025-12-11T15:14:09.533+0530] {scheduler_job_runner.py:1949} INFO - Adopting or resetting orphaned tasks for active dag runs
[2025-12-11T15:18:55.263+0530] {scheduler_job_runner.py:435} INFO - 2 tasks up for execution:
	<TaskInstance: weather_dag.create_tables manual__2025-12-11T09:48:50.959616+00:00 [scheduled]>
	<TaskInstance: weather_dag.create_tables manual__2025-12-11T09:48:52.597044+00:00 [scheduled]>
[2025-12-11T15:18:55.265+0530] {scheduler_job_runner.py:507} INFO - DAG weather_dag has 0/16 running and queued tasks
[2025-12-11T15:18:55.267+0530] {scheduler_job_runner.py:507} INFO - DAG weather_dag has 1/16 running and queued tasks
[2025-12-11T15:18:55.268+0530] {scheduler_job_runner.py:646} INFO - Setting the following tasks to queued state:
	<TaskInstance: weather_dag.create_tables manual__2025-12-11T09:48:50.959616+00:00 [scheduled]>
	<TaskInstance: weather_dag.create_tables manual__2025-12-11T09:48:52.597044+00:00 [scheduled]>
[2025-12-11T15:18:55.272+0530] {scheduler_job_runner.py:748} INFO - Trying to enqueue tasks: [<TaskInstance: weather_dag.create_tables manual__2025-12-11T09:48:50.959616+00:00 [scheduled]>, <TaskInstance: weather_dag.create_tables manual__2025-12-11T09:48:52.597044+00:00 [scheduled]>] for executor: SequentialExecutor(parallelism=32)
[2025-12-11T15:18:55.273+0530] {scheduler_job_runner.py:692} INFO - Sending TaskInstanceKey(dag_id='weather_dag', task_id='create_tables', run_id='manual__2025-12-11T09:48:50.959616+00:00', try_number=1, map_index=-1) to SequentialExecutor with priority 4 and queue default
[2025-12-11T15:18:55.273+0530] {base_executor.py:169} INFO - Adding to queue: ['airflow', 'tasks', 'run', 'weather_dag', 'create_tables', 'manual__2025-12-11T09:48:50.959616+00:00', '--local', '--subdir', 'DAGS_FOLDER/weather_dag.py']
[2025-12-11T15:18:55.274+0530] {scheduler_job_runner.py:692} INFO - Sending TaskInstanceKey(dag_id='weather_dag', task_id='create_tables', run_id='manual__2025-12-11T09:48:52.597044+00:00', try_number=1, map_index=-1) to SequentialExecutor with priority 4 and queue default
[2025-12-11T15:18:55.274+0530] {base_executor.py:169} INFO - Adding to queue: ['airflow', 'tasks', 'run', 'weather_dag', 'create_tables', 'manual__2025-12-11T09:48:52.597044+00:00', '--local', '--subdir', 'DAGS_FOLDER/weather_dag.py']
[2025-12-11T15:18:55.482+0530] {sequential_executor.py:84} INFO - Executing command: ['airflow', 'tasks', 'run', 'weather_dag', 'create_tables', 'manual__2025-12-11T09:48:50.959616+00:00', '--local', '--subdir', 'DAGS_FOLDER/weather_dag.py']
[2025-12-11T15:18:57.290+0530] {dagbag.py:588} INFO - Filling up the DagBag from /home/cooldude/Desktop/08_Airflow_Project/airflow/dags/weather_dag.py
[2025-12-11T15:18:57.811+0530] {task_command.py:467} INFO - Running <TaskInstance: weather_dag.create_tables manual__2025-12-11T09:48:50.959616+00:00 [queued]> on host Cooldude-Inspiron-99
[2025-12-11T15:19:03.117+0530] {sequential_executor.py:84} INFO - Executing command: ['airflow', 'tasks', 'run', 'weather_dag', 'create_tables', 'manual__2025-12-11T09:48:52.597044+00:00', '--local', '--subdir', 'DAGS_FOLDER/weather_dag.py']
[2025-12-11T15:19:06.212+0530] {dagbag.py:588} INFO - Filling up the DagBag from /home/cooldude/Desktop/08_Airflow_Project/airflow/dags/weather_dag.py
[2025-12-11T15:19:06.549+0530] {task_command.py:467} INFO - Running <TaskInstance: weather_dag.create_tables manual__2025-12-11T09:48:52.597044+00:00 [queued]> on host Cooldude-Inspiron-99
[2025-12-11T15:19:15.825+0530] {scheduler_job_runner.py:776} INFO - Received executor event with state success for task instance TaskInstanceKey(dag_id='weather_dag', task_id='create_tables', run_id='manual__2025-12-11T09:48:50.959616+00:00', try_number=1, map_index=-1)
[2025-12-11T15:19:15.826+0530] {scheduler_job_runner.py:776} INFO - Received executor event with state success for task instance TaskInstanceKey(dag_id='weather_dag', task_id='create_tables', run_id='manual__2025-12-11T09:48:52.597044+00:00', try_number=1, map_index=-1)
[2025-12-11T15:19:17.065+0530] {scheduler_job_runner.py:813} INFO - TaskInstance Finished: dag_id=weather_dag, task_id=create_tables, run_id=manual__2025-12-11T09:48:50.959616+00:00, map_index=-1, run_start_date=2025-12-11 09:48:58.627655+00:00, run_end_date=2025-12-11 09:49:01.577850+00:00, run_duration=2.950195, state=success, executor=SequentialExecutor(parallelism=32), executor_state=success, try_number=1, max_tries=1, job_id=16, pool=default_pool, queue=default, priority_weight=4, operator=PythonOperator, queued_dttm=2025-12-11 09:48:55.269864+00:00, queued_by_job_id=9, pid=78342
[2025-12-11T15:19:17.066+0530] {scheduler_job_runner.py:813} INFO - TaskInstance Finished: dag_id=weather_dag, task_id=create_tables, run_id=manual__2025-12-11T09:48:52.597044+00:00, map_index=-1, run_start_date=2025-12-11 09:49:06.865668+00:00, run_end_date=2025-12-11 09:49:11.853011+00:00, run_duration=4.987343, state=success, executor=SequentialExecutor(parallelism=32), executor_state=success, try_number=1, max_tries=1, job_id=17, pool=default_pool, queue=default, priority_weight=4, operator=PythonOperator, queued_dttm=2025-12-11 09:48:55.269864+00:00, queued_by_job_id=9, pid=78403
[2025-12-11T15:19:18.300+0530] {scheduler_job_runner.py:1949} INFO - Adopting or resetting orphaned tasks for active dag runs
[2025-12-11T15:19:21.980+0530] {scheduler_job_runner.py:435} INFO - 2 tasks up for execution:
	<TaskInstance: weather_dag.fetch_hourly_weather manual__2025-12-11T09:48:50.959616+00:00 [scheduled]>
	<TaskInstance: weather_dag.fetch_hourly_weather manual__2025-12-11T09:48:52.597044+00:00 [scheduled]>
[2025-12-11T15:19:21.981+0530] {scheduler_job_runner.py:507} INFO - DAG weather_dag has 0/16 running and queued tasks
[2025-12-11T15:19:21.981+0530] {scheduler_job_runner.py:507} INFO - DAG weather_dag has 1/16 running and queued tasks
[2025-12-11T15:19:21.982+0530] {scheduler_job_runner.py:646} INFO - Setting the following tasks to queued state:
	<TaskInstance: weather_dag.fetch_hourly_weather manual__2025-12-11T09:48:50.959616+00:00 [scheduled]>
	<TaskInstance: weather_dag.fetch_hourly_weather manual__2025-12-11T09:48:52.597044+00:00 [scheduled]>
[2025-12-11T15:19:21.984+0530] {scheduler_job_runner.py:748} INFO - Trying to enqueue tasks: [<TaskInstance: weather_dag.fetch_hourly_weather manual__2025-12-11T09:48:50.959616+00:00 [scheduled]>, <TaskInstance: weather_dag.fetch_hourly_weather manual__2025-12-11T09:48:52.597044+00:00 [scheduled]>] for executor: SequentialExecutor(parallelism=32)
[2025-12-11T15:19:21.984+0530] {scheduler_job_runner.py:692} INFO - Sending TaskInstanceKey(dag_id='weather_dag', task_id='fetch_hourly_weather', run_id='manual__2025-12-11T09:48:50.959616+00:00', try_number=1, map_index=-1) to SequentialExecutor with priority 3 and queue default
[2025-12-11T15:19:21.985+0530] {base_executor.py:169} INFO - Adding to queue: ['airflow', 'tasks', 'run', 'weather_dag', 'fetch_hourly_weather', 'manual__2025-12-11T09:48:50.959616+00:00', '--local', '--subdir', 'DAGS_FOLDER/weather_dag.py']
[2025-12-11T15:19:21.985+0530] {scheduler_job_runner.py:692} INFO - Sending TaskInstanceKey(dag_id='weather_dag', task_id='fetch_hourly_weather', run_id='manual__2025-12-11T09:48:52.597044+00:00', try_number=1, map_index=-1) to SequentialExecutor with priority 3 and queue default
[2025-12-11T15:19:21.986+0530] {base_executor.py:169} INFO - Adding to queue: ['airflow', 'tasks', 'run', 'weather_dag', 'fetch_hourly_weather', 'manual__2025-12-11T09:48:52.597044+00:00', '--local', '--subdir', 'DAGS_FOLDER/weather_dag.py']
[2025-12-11T15:19:23.438+0530] {sequential_executor.py:84} INFO - Executing command: ['airflow', 'tasks', 'run', 'weather_dag', 'fetch_hourly_weather', 'manual__2025-12-11T09:48:50.959616+00:00', '--local', '--subdir', 'DAGS_FOLDER/weather_dag.py']
[2025-12-11T15:19:26.407+0530] {dagbag.py:588} INFO - Filling up the DagBag from /home/cooldude/Desktop/08_Airflow_Project/airflow/dags/weather_dag.py
[2025-12-11T15:19:26.606+0530] {task_command.py:467} INFO - Running <TaskInstance: weather_dag.fetch_hourly_weather manual__2025-12-11T09:48:50.959616+00:00 [queued]> on host Cooldude-Inspiron-99
[2025-12-11T15:19:32.564+0530] {sequential_executor.py:84} INFO - Executing command: ['airflow', 'tasks', 'run', 'weather_dag', 'fetch_hourly_weather', 'manual__2025-12-11T09:48:52.597044+00:00', '--local', '--subdir', 'DAGS_FOLDER/weather_dag.py']
[2025-12-11T15:19:34.482+0530] {dagbag.py:588} INFO - Filling up the DagBag from /home/cooldude/Desktop/08_Airflow_Project/airflow/dags/weather_dag.py
[2025-12-11T15:19:34.631+0530] {task_command.py:467} INFO - Running <TaskInstance: weather_dag.fetch_hourly_weather manual__2025-12-11T09:48:52.597044+00:00 [queued]> on host Cooldude-Inspiron-99
[2025-12-11T15:19:45.881+0530] {scheduler_job_runner.py:776} INFO - Received executor event with state success for task instance TaskInstanceKey(dag_id='weather_dag', task_id='fetch_hourly_weather', run_id='manual__2025-12-11T09:48:50.959616+00:00', try_number=1, map_index=-1)
[2025-12-11T15:19:45.882+0530] {scheduler_job_runner.py:776} INFO - Received executor event with state success for task instance TaskInstanceKey(dag_id='weather_dag', task_id='fetch_hourly_weather', run_id='manual__2025-12-11T09:48:52.597044+00:00', try_number=1, map_index=-1)
[2025-12-11T15:19:46.066+0530] {scheduler_job_runner.py:813} INFO - TaskInstance Finished: dag_id=weather_dag, task_id=fetch_hourly_weather, run_id=manual__2025-12-11T09:48:50.959616+00:00, map_index=-1, run_start_date=2025-12-11 09:49:27.901335+00:00, run_end_date=2025-12-11 09:49:31.252491+00:00, run_duration=3.351156, state=up_for_retry, executor=SequentialExecutor(parallelism=32), executor_state=success, try_number=1, max_tries=1, job_id=18, pool=default_pool, queue=default, priority_weight=3, operator=PythonOperator, queued_dttm=2025-12-11 09:49:21.983035+00:00, queued_by_job_id=9, pid=78560
[2025-12-11T15:19:46.067+0530] {scheduler_job_runner.py:813} INFO - TaskInstance Finished: dag_id=weather_dag, task_id=fetch_hourly_weather, run_id=manual__2025-12-11T09:48:52.597044+00:00, map_index=-1, run_start_date=2025-12-11 09:49:35.843267+00:00, run_end_date=2025-12-11 09:49:40.498332+00:00, run_duration=4.655065, state=up_for_retry, executor=SequentialExecutor(parallelism=32), executor_state=success, try_number=1, max_tries=1, job_id=19, pool=default_pool, queue=default, priority_weight=3, operator=PythonOperator, queued_dttm=2025-12-11 09:49:21.983035+00:00, queued_by_job_id=9, pid=78625
[2025-12-11T15:19:47.377+0530] {job.py:229} INFO - Heartbeat recovered after 30.29 seconds
[2025-12-11T15:20:19.583+0530] {scheduler_job_runner.py:435} INFO - 1 tasks up for execution:
	<TaskInstance: weather_dag.aggregate_global_weather manual__2025-12-11T09:48:52.597044+00:00 [scheduled]>
[2025-12-11T15:20:19.583+0530] {scheduler_job_runner.py:507} INFO - DAG weather_dag has 0/16 running and queued tasks
[2025-12-11T15:20:19.584+0530] {scheduler_job_runner.py:646} INFO - Setting the following tasks to queued state:
	<TaskInstance: weather_dag.aggregate_global_weather manual__2025-12-11T09:48:52.597044+00:00 [scheduled]>
[2025-12-11T15:20:19.586+0530] {scheduler_job_runner.py:748} INFO - Trying to enqueue tasks: [<TaskInstance: weather_dag.aggregate_global_weather manual__2025-12-11T09:48:52.597044+00:00 [scheduled]>] for executor: SequentialExecutor(parallelism=32)
[2025-12-11T15:20:19.587+0530] {scheduler_job_runner.py:692} INFO - Sending TaskInstanceKey(dag_id='weather_dag', task_id='aggregate_global_weather', run_id='manual__2025-12-11T09:48:52.597044+00:00', try_number=1, map_index=-1) to SequentialExecutor with priority 1 and queue default
[2025-12-11T15:20:19.588+0530] {base_executor.py:169} INFO - Adding to queue: ['airflow', 'tasks', 'run', 'weather_dag', 'aggregate_global_weather', 'manual__2025-12-11T09:48:52.597044+00:00', '--local', '--subdir', 'DAGS_FOLDER/weather_dag.py']
[2025-12-11T15:20:19.839+0530] {sequential_executor.py:84} INFO - Executing command: ['airflow', 'tasks', 'run', 'weather_dag', 'aggregate_global_weather', 'manual__2025-12-11T09:48:52.597044+00:00', '--local', '--subdir', 'DAGS_FOLDER/weather_dag.py']
[2025-12-11T15:20:24.971+0530] {dagbag.py:588} INFO - Filling up the DagBag from /home/cooldude/Desktop/08_Airflow_Project/airflow/dags/weather_dag.py
[2025-12-11T15:20:26.881+0530] {task_command.py:467} INFO - Running <TaskInstance: weather_dag.aggregate_global_weather manual__2025-12-11T09:48:52.597044+00:00 [queued]> on host Cooldude-Inspiron-99
[2025-12-11T15:20:41.439+0530] {scheduler_job_runner.py:776} INFO - Received executor event with state success for task instance TaskInstanceKey(dag_id='weather_dag', task_id='aggregate_global_weather', run_id='manual__2025-12-11T09:48:52.597044+00:00', try_number=1, map_index=-1)
[2025-12-11T15:20:41.443+0530] {scheduler_job_runner.py:813} INFO - TaskInstance Finished: dag_id=weather_dag, task_id=aggregate_global_weather, run_id=manual__2025-12-11T09:48:52.597044+00:00, map_index=-1, run_start_date=2025-12-11 09:50:28.459155+00:00, run_end_date=2025-12-11 09:50:36.668375+00:00, run_duration=8.20922, state=success, executor=SequentialExecutor(parallelism=32), executor_state=success, try_number=1, max_tries=1, job_id=20, pool=default_pool, queue=default, priority_weight=1, operator=PythonOperator, queued_dttm=2025-12-11 09:50:19.585395+00:00, queued_by_job_id=9, pid=78972
[2025-12-11T15:20:49.318+0530] {dagrun.py:854} INFO - Marking run <DagRun weather_dag @ 2025-12-11 09:48:52.597044+00:00: manual__2025-12-11T09:48:52.597044+00:00, state:running, queued_at: 2025-12-11 09:48:52.628541+00:00. externally triggered: True> successful
[2025-12-11T15:20:49.319+0530] {dagrun.py:905} INFO - DagRun Finished: dag_id=weather_dag, execution_date=2025-12-11 09:48:52.597044+00:00, run_id=manual__2025-12-11T09:48:52.597044+00:00, run_start_date=2025-12-11 09:48:53.791900+00:00, run_end_date=2025-12-11 09:50:49.319174+00:00, run_duration=115.527274, state=success, external_trigger=True, run_type=manual, data_interval_start=2025-12-10 00:00:00+00:00, data_interval_end=2025-12-11 00:00:00+00:00, dag_hash=dfb61a5b75c5909c73cce97e4cb50311
[2025-12-11T15:24:19.448+0530] {scheduler_job_runner.py:1949} INFO - Adopting or resetting orphaned tasks for active dag runs
[2025-12-11T15:24:31.725+0530] {scheduler_job_runner.py:435} INFO - 1 tasks up for execution:
	<TaskInstance: weather_dag.fetch_hourly_weather manual__2025-12-11T09:48:50.959616+00:00 [scheduled]>
[2025-12-11T15:24:31.726+0530] {scheduler_job_runner.py:507} INFO - DAG weather_dag has 0/16 running and queued tasks
[2025-12-11T15:24:31.726+0530] {scheduler_job_runner.py:646} INFO - Setting the following tasks to queued state:
	<TaskInstance: weather_dag.fetch_hourly_weather manual__2025-12-11T09:48:50.959616+00:00 [scheduled]>
[2025-12-11T15:24:31.728+0530] {scheduler_job_runner.py:748} INFO - Trying to enqueue tasks: [<TaskInstance: weather_dag.fetch_hourly_weather manual__2025-12-11T09:48:50.959616+00:00 [scheduled]>] for executor: SequentialExecutor(parallelism=32)
[2025-12-11T15:24:31.728+0530] {scheduler_job_runner.py:692} INFO - Sending TaskInstanceKey(dag_id='weather_dag', task_id='fetch_hourly_weather', run_id='manual__2025-12-11T09:48:50.959616+00:00', try_number=2, map_index=-1) to SequentialExecutor with priority 3 and queue default
[2025-12-11T15:24:31.729+0530] {base_executor.py:169} INFO - Adding to queue: ['airflow', 'tasks', 'run', 'weather_dag', 'fetch_hourly_weather', 'manual__2025-12-11T09:48:50.959616+00:00', '--local', '--subdir', 'DAGS_FOLDER/weather_dag.py']
[2025-12-11T15:24:32.106+0530] {sequential_executor.py:84} INFO - Executing command: ['airflow', 'tasks', 'run', 'weather_dag', 'fetch_hourly_weather', 'manual__2025-12-11T09:48:50.959616+00:00', '--local', '--subdir', 'DAGS_FOLDER/weather_dag.py']
[2025-12-11T15:24:35.799+0530] {dagbag.py:588} INFO - Filling up the DagBag from /home/cooldude/Desktop/08_Airflow_Project/airflow/dags/weather_dag.py
[2025-12-11T15:24:35.936+0530] {task_command.py:467} INFO - Running <TaskInstance: weather_dag.fetch_hourly_weather manual__2025-12-11T09:48:50.959616+00:00 [queued]> on host Cooldude-Inspiron-99
[2025-12-11T15:24:47.888+0530] {scheduler_job_runner.py:776} INFO - Received executor event with state success for task instance TaskInstanceKey(dag_id='weather_dag', task_id='fetch_hourly_weather', run_id='manual__2025-12-11T09:48:50.959616+00:00', try_number=2, map_index=-1)
[2025-12-11T15:24:47.893+0530] {scheduler_job_runner.py:813} INFO - TaskInstance Finished: dag_id=weather_dag, task_id=fetch_hourly_weather, run_id=manual__2025-12-11T09:48:50.959616+00:00, map_index=-1, run_start_date=2025-12-11 09:54:37.175219+00:00, run_end_date=2025-12-11 09:54:42.735566+00:00, run_duration=5.560347, state=failed, executor=SequentialExecutor(parallelism=32), executor_state=success, try_number=2, max_tries=1, job_id=21, pool=default_pool, queue=default, priority_weight=3, operator=PythonOperator, queued_dttm=2025-12-11 09:54:31.727222+00:00, queued_by_job_id=9, pid=80704
[2025-12-11T15:24:51.614+0530] {dagrun.py:823} ERROR - Marking run <DagRun weather_dag @ 2025-12-11 09:48:50.959616+00:00: manual__2025-12-11T09:48:50.959616+00:00, state:running, queued_at: 2025-12-11 09:48:50.989782+00:00. externally triggered: True> failed
[2025-12-11T15:24:51.615+0530] {dagrun.py:905} INFO - DagRun Finished: dag_id=weather_dag, execution_date=2025-12-11 09:48:50.959616+00:00, run_id=manual__2025-12-11T09:48:50.959616+00:00, run_start_date=2025-12-11 09:48:53.791818+00:00, run_end_date=2025-12-11 09:54:51.614973+00:00, run_duration=357.823155, state=failed, external_trigger=True, run_type=manual, data_interval_start=2025-12-10 00:00:00+00:00, data_interval_end=2025-12-11 00:00:00+00:00, dag_hash=dfb61a5b75c5909c73cce97e4cb50311
[2025-12-11T15:29:19.486+0530] {scheduler_job_runner.py:1949} INFO - Adopting or resetting orphaned tasks for active dag runs
[2025-12-11T15:34:19.565+0530] {scheduler_job_runner.py:1949} INFO - Adopting or resetting orphaned tasks for active dag runs
[2025-12-11T15:39:19.643+0530] {scheduler_job_runner.py:1949} INFO - Adopting or resetting orphaned tasks for active dag runs
[2025-12-11T15:44:19.726+0530] {scheduler_job_runner.py:1949} INFO - Adopting or resetting orphaned tasks for active dag runs
[2025-12-11T15:49:24.056+0530] {scheduler_job_runner.py:1949} INFO - Adopting or resetting orphaned tasks for active dag runs
[2025-12-11T15:54:24.161+0530] {scheduler_job_runner.py:1949} INFO - Adopting or resetting orphaned tasks for active dag runs
[2025-12-11 15:55:17 +0530] [70985] [INFO] Handling signal: hup
[2025-12-11 15:55:17 +0530] [70985] [INFO] Hang up: Master
[2025-12-11 15:55:17 +0530] [70985] [ERROR] Worker (pid:70987) was sent SIGHUP!
[2025-12-11 15:55:17 +0530] [70985] [ERROR] Worker (pid:70986) was sent SIGHUP!
[2025-12-11 15:55:17 +0530] [92229] [INFO] Booting worker with pid: 92229
[2025-12-11 15:55:17 +0530] [92230] [INFO] Booting worker with pid: 92230
